# Copyright (c) 2026 Huawei Device Co., Ltd.
#
# This program is free software; you can redistribute it and/or modify
# it under the terms of the GNU General Public License as published by
# the Free Software Foundation, either version 2 of the License, or
# (at your option) any later version.

{
global:
    # libexfat.h - Public API
    exfat_bitmap_set_range;
    exfat_bitmap_find_zero;
    exfat_bitmap_find_one;
    show_version;
    exfat_bad_char;
    boot_calc_checksum;
    init_user_input;
    exfat_get_blk_dev_info;
    exfat_read;
    exfat_write;
    exfat_write_zero;
    exfat_discard_blocks;
    exfat_utf16_len;
    exfat_utf16_enc;
    exfat_utf16_dec;
    exfat_get_root_entry_offset;
    exfat_read_volume_label;
    exfat_set_volume_label;
    __exfat_set_volume_guid;
    exfat_read_volume_guid;
    exfat_set_volume_guid;
    exfat_read_sector;
    exfat_write_sector;
    exfat_write_checksum_sector;
    exfat_conv_volume_label;
    exfat_show_volume_serial;
    exfat_set_volume_serial;
    exfat_clus_to_blk_dev_off;
    exfat_get_next_clus;
    exfat_get_inode_next_clus;
    exfat_get_clus;
    exfat_set_fat;
    exfat_s2o;
    exfat_c2o;
    exfat_o2c;
    exfat_heap_clus;
    exfat_root_clus_count;
    read_boot_sect;
    exfat_parse_ulong;
    exfat_check_name;
    exfat_check_written_data;
    print_level;

    # exfat_fs.h + exfat_dir.h - Internal API
    calc_dentry_set_checksum;
    exfat_add_dentry_set;
    exfat_alloc_buffer;
    exfat_alloc_cluster;
    exfat_alloc_exfat;
    exfat_alloc_inode;
    exfat_build_file_dentry_set;
    exfat_calc_dentry_checksum;
    exfat_calc_name_hash;
    exfat_create_file;
    exfat_de_iter_advance;
    exfat_de_iter_device_offset;
    exfat_de_iter_file_offset;
    exfat_de_iter_flush;
    exfat_de_iter_get;
    exfat_de_iter_get_dirty;
    exfat_de_iter_init;
    exfat_de_iter_revert;
    exfat_find_free_cluster;
    exfat_free_ancestors;
    exfat_free_buffer;
    exfat_free_children;
    exfat_free_dir_list;
    exfat_free_exfat;
    exfat_free_file_children;
    exfat_free_inode;
    exfat_lookup_dentry_set;
    exfat_lookup_file;
    exfat_lookup_file_by_utf16name;
    exfat_resolve_path;
    exfat_resolve_path_parent;
    exfat_update_file_dentry_set;

local:
    *;
};
